// Jest Snapshot v1, https://goo.gl/fbAQLP

exports[`Meeting component renders 1`] = `
<div>
  <div
    class="ant-flex css-dev-only-do-not-override-1uq9j6g ant-flex-align-center ant-flex-justify-flex-start ant-flex-vertical"
    style="width: 100%; height: 100vh;"
  >
    <div
      class="ant-flex css-dev-only-do-not-override-1uq9j6g ant-flex-align-center ant-flex-vertical"
      style="width: 800px; padding: 48px; gap: 48px;"
    >
      <h2>
        Apollo team standup
      </h2>
      <div
        class="meeting-actions"
      >
        <button
          class="ant-btn css-dev-only-do-not-override-1uq9j6g ant-btn-default"
          type="button"
        >
          <span>
            Reset
          </span>
        </button>
      </div>
      <div
        style="width: 100%;"
      />
      <div
        class="attendees"
      >
        <h2>
          Attendees
        </h2>
        <div
          class="ant-flex css-dev-only-do-not-override-1uq9j6g"
          style="margin-top: 24px; gap: 24px;"
        />
      </div>
    </div>
    <div
      class="ant-flex css-dev-only-do-not-override-1uq9j6g"
      style="width: 800px; gap: 48px;"
    >
      <div
        class="notes"
      >
        <h2>
          Notes
        </h2>
        <div
          class="ant-skeleton ant-skeleton-with-avatar css-dev-only-do-not-override-1uq9j6g"
        >
          <div
            class="ant-skeleton-header"
          >
            <span
              class="ant-skeleton-avatar ant-skeleton-avatar-lg ant-skeleton-avatar-circle"
            />
          </div>
          <div
            class="ant-skeleton-content"
          >
            <h3
              class="ant-skeleton-title"
              style="width: 50%;"
            />
            <ul
              class="ant-skeleton-paragraph"
            >
              <li />
              <li />
              <li />
              <li />
            </ul>
          </div>
        </div>
        <div
          class="ant-skeleton ant-skeleton-with-avatar css-dev-only-do-not-override-1uq9j6g"
        >
          <div
            class="ant-skeleton-header"
          >
            <span
              class="ant-skeleton-avatar ant-skeleton-avatar-lg ant-skeleton-avatar-circle"
            />
          </div>
          <div
            class="ant-skeleton-content"
          >
            <h3
              class="ant-skeleton-title"
              style="width: 50%;"
            />
            <ul
              class="ant-skeleton-paragraph"
            >
              <li />
              <li />
            </ul>
          </div>
        </div>
        <div
          class="ant-skeleton ant-skeleton-with-avatar css-dev-only-do-not-override-1uq9j6g"
        >
          <div
            class="ant-skeleton-header"
          >
            <span
              class="ant-skeleton-avatar ant-skeleton-avatar-lg ant-skeleton-avatar-circle"
            />
          </div>
          <div
            class="ant-skeleton-content"
          >
            <h3
              class="ant-skeleton-title"
              style="width: 50%;"
            />
            <ul
              class="ant-skeleton-paragraph"
            >
              <li />
              <li />
              <li />
            </ul>
          </div>
        </div>
      </div>
      <div
        class="actions"
      >
        <h2>
          Actions
        </h2>
        <div
          class="ant-skeleton ant-skeleton-with-avatar css-dev-only-do-not-override-1uq9j6g"
        >
          <div
            class="ant-skeleton-header"
          >
            <span
              class="ant-skeleton-avatar ant-skeleton-avatar-lg ant-skeleton-avatar-circle"
            />
          </div>
          <div
            class="ant-skeleton-content"
          >
            <h3
              class="ant-skeleton-title"
              style="width: 50%;"
            />
            <ul
              class="ant-skeleton-paragraph"
            >
              <li />
              <li />
            </ul>
          </div>
        </div>
        <div
          class="ant-skeleton ant-skeleton-with-avatar css-dev-only-do-not-override-1uq9j6g"
        >
          <div
            class="ant-skeleton-header"
          >
            <span
              class="ant-skeleton-avatar ant-skeleton-avatar-lg ant-skeleton-avatar-circle"
            />
          </div>
          <div
            class="ant-skeleton-content"
          >
            <h3
              class="ant-skeleton-title"
              style="width: 50%;"
            />
            <ul
              class="ant-skeleton-paragraph"
            >
              <li />
              <li />
              <li />
            </ul>
          </div>
        </div>
      </div>
    </div>
  </div>
</div>
`;
